// Jest Snapshot v1, https://goo.gl/fbAQLP

exports[`compiler: codeframe line in middle 1`] = `
"4  |    <template key=\\"one\\"></template>
5  |    <ul>
6  |      <li v-for=\\"boobar\\">hi</li>
   |          ^^^^^^^^^^^^^^
7  |    </ul>
8  |    <template key=\\"two\\"></template>"
`;

exports[`compiler: codeframe line near bottom 1`] = `
"8  |      <li v-for=\\"boobar\\">hi</li>
9  |    </ul>
10 |    <template key=\\"two\\"></template>
   |              ^^^^^^^^^
11 |  </div>"
`;

exports[`compiler: codeframe line near top 1`] = `
"1  |  <div>
2  |    <template key=\\"one\\"></template>
   |              ^^^^^^^^^
3  |    <ul>
4  |      <li v-for=\\"boobar\\">hi</li>"
`;

exports[`compiler: codeframe multi-line highlights 1`] = `
"0  |  <div attr=\\"some
   |       ^^^^^^^^^^
1  |    multiline
   |  ^^^^^^^^^^^
2  |  attr
   |  ^^^^
3  |  \\">
   |  ^"
`;

exports[`compiler: codeframe newline sequences - unix 1`] = `
"16 |          <input name=\\"email\\" type=\\"text\\"/>
17 |        </div>
18 |        <div id=\\"hook\\">
   |        ^^^^^^^^^^^^^^^
19 |          <label for=\\"password\\">Password</label>
   |  ^^^^^^^^^^^^^^^^^^^^^^^^^^^^^^^^^^^^^^^^^^^^^^
20 |          <input name=\\"password\\" type=\\"password\\"/>
   |  ^^^^^^^^^^^^^^^^^^^^^^^^^^^^^^^^^^^^^^^^^^^^^^^^
21 |        </div>
   |  ^^^^^^^^^^^^"
`;

exports[`compiler: codeframe newline sequences - windows 1`] = `
"16 |          <input name=\\"email\\" type=\\"text\\"/>
17 |        </div>
18 |        <div id=\\"hook\\">
   |        ^^^^^^^^^^^^^^^
19 |          <label for=\\"password\\">Password</label>
   |  ^^^^^^^^^^^^^^^^^^^^^^^^^^^^^^^^^^^^^^^^^^^^^^
20 |          <input name=\\"password\\" type=\\"password\\"/>
   |  ^^^^^^^^^^^^^^^^^^^^^^^^^^^^^^^^^^^^^^^^^^^^^^^^
21 |        </div>
   |  ^^^^^^^^^^^^"
`;
